------------------------------------------------------------
Timing Analyzer Summary
------------------------------------------------------------

Type  : Slow 1100mV 85C Model Setup 'clock'
Slack : -0.591
TNS   : -8.107

Type  : Slow 1100mV 85C Model Hold 'clock'
Slack : 0.528
TNS   : 0.000

Type  : Slow 1100mV 85C Model Recovery 'clock'
Slack : -2.468
TNS   : -33.468

Type  : Slow 1100mV 85C Model Removal 'clock'
Slack : 1.079
TNS   : 0.000

Type  : Slow 1100mV 85C Model Minimum Pulse Width 'clock'
Slack : -0.724
TNS   : -17.848

Type  : Slow 1100mV 0C Model Setup 'clock'
Slack : -0.662
TNS   : -9.395

Type  : Slow 1100mV 0C Model Hold 'clock'
Slack : 0.574
TNS   : 0.000

Type  : Slow 1100mV 0C Model Recovery 'clock'
Slack : -2.500
TNS   : -33.550

Type  : Slow 1100mV 0C Model Removal 'clock'
Slack : 1.023
TNS   : 0.000

Type  : Slow 1100mV 0C Model Minimum Pulse Width 'clock'
Slack : -0.724
TNS   : -17.786

Type  : Fast 1100mV 85C Model Setup 'clock'
Slack : 0.296
TNS   : 0.000

Type  : Fast 1100mV 85C Model Hold 'clock'
Slack : 0.178
TNS   : 0.000

Type  : Fast 1100mV 85C Model Recovery 'clock'
Slack : -0.396
TNS   : -3.221

Type  : Fast 1100mV 85C Model Removal 'clock'
Slack : 0.443
TNS   : 0.000

Type  : Fast 1100mV 85C Model Minimum Pulse Width 'clock'
Slack : -0.088
TNS   : -1.364

Type  : Fast 1100mV 0C Model Setup 'clock'
Slack : 0.351
TNS   : 0.000

Type  : Fast 1100mV 0C Model Hold 'clock'
Slack : 0.169
TNS   : 0.000

Type  : Fast 1100mV 0C Model Recovery 'clock'
Slack : -0.274
TNS   : -2.118

Type  : Fast 1100mV 0C Model Removal 'clock'
Slack : 0.400
TNS   : 0.000

Type  : Fast 1100mV 0C Model Minimum Pulse Width 'clock'
Slack : -0.091
TNS   : -1.404

------------------------------------------------------------
